Server running on port 4000
Error: Access denied for user 'root'@'localhost' (using password: YES)
    at Object.getSummary (C:\Users\Usuario\Desktop\Colegio\backend\src\models\dashboardModel.js:4:27)
    at summary (C:\Users\Usuario\Desktop\Colegio\backend\src\controllers\dashboardController.js:5:35)
    at Layer.handle [as handle_request] (C:\Users\Usuario\Desktop\Colegio\backend\node_modules\express\lib\router\layer.js:95:5)
    at next (C:\Users\Usuario\Desktop\Colegio\backend\node_modules\express\lib\router\route.js:149:13)
    at Route.dispatch (C:\Users\Usuario\Desktop\Colegio\backend\node_modules\express\lib\router\route.js:119:3)
    at Layer.handle [as handle_request] (C:\Users\Usuario\Desktop\Colegio\backend\node_modules\express\lib\router\layer.js:95:5)
    at C:\Users\Usuario\Desktop\Colegio\backend\node_modules\express\lib\router\index.js:284:15
    at router.process_params (C:\Users\Usuario\Desktop\Colegio\backend\node_modules\express\lib\router\index.js:346:12)
    at next (C:\Users\Usuario\Desktop\Colegio\backend\node_modules\express\lib\router\index.js:280:10)
    at router.handle (C:\Users\Usuario\Desktop\Colegio\backend\node_modules\express\lib\router\index.js:175:3) {
  code: 'ER_ACCESS_DENIED_ERROR',
  errno: 1045,
  sqlState: '28000',
  sqlMessage: "Access denied for user 'root'@'localhost' (using password: YES)",
  sql: undefined
}
Error: Access denied for user 'root'@'localhost' (using password: YES)
    at Object.getSummary (C:\Users\Usuario\Desktop\Colegio\backend\src\models\dashboardModel.js:4:27)
    at summary (C:\Users\Usuario\Desktop\Colegio\backend\src\controllers\dashboardController.js:5:35)
    at Layer.handle [as handle_request] (C:\Users\Usuario\Desktop\Colegio\backend\node_modules\express\lib\router\layer.js:95:5)
    at next (C:\Users\Usuario\Desktop\Colegio\backend\node_modules\express\lib\router\route.js:149:13)
    at Route.dispatch (C:\Users\Usuario\Desktop\Colegio\backend\node_modules\express\lib\router\route.js:119:3)
    at Layer.handle [as handle_request] (C:\Users\Usuario\Desktop\Colegio\backend\node_modules\express\lib\router\layer.js:95:5)
    at C:\Users\Usuario\Desktop\Colegio\backend\node_modules\express\lib\router\index.js:284:15
    at router.process_params (C:\Users\Usuario\Desktop\Colegio\backend\node_modules\express\lib\router\index.js:346:12)
    at next (C:\Users\Usuario\Desktop\Colegio\backend\node_modules\express\lib\router\index.js:280:10)
    at router.handle (C:\Users\Usuario\Desktop\Colegio\backend\node_modules\express\lib\router\index.js:175:3) {
  code: 'ER_ACCESS_DENIED_ERROR',
  errno: 1045,
  sqlState: '28000',
  sqlMessage: "Access denied for user 'root'@'localhost' (using password: YES)",
  sql: undefined
}
Error: Access denied for user 'root'@'localhost' (using password: YES)
    at Object.getAllAlumnos (C:\Users\Usuario\Desktop\Colegio\backend\src\models\alumnoModel.js:4:27)
    at list (C:\Users\Usuario\Desktop\Colegio\backend\src\controllers\alumnoController.js:5:31)
    at Layer.handle [as handle_request] (C:\Users\Usuario\Desktop\Colegio\backend\node_modules\express\lib\router\layer.js:95:5)
    at next (C:\Users\Usuario\Desktop\Colegio\backend\node_modules\express\lib\router\route.js:149:13)
    at Route.dispatch (C:\Users\Usuario\Desktop\Colegio\backend\node_modules\express\lib\router\route.js:119:3)
    at Layer.handle [as handle_request] (C:\Users\Usuario\Desktop\Colegio\backend\node_modules\express\lib\router\layer.js:95:5)
    at C:\Users\Usuario\Desktop\Colegio\backend\node_modules\express\lib\router\index.js:284:15
    at router.process_params (C:\Users\Usuario\Desktop\Colegio\backend\node_modules\express\lib\router\index.js:346:12)
    at next (C:\Users\Usuario\Desktop\Colegio\backend\node_modules\express\lib\router\index.js:280:10)
    at router.handle (C:\Users\Usuario\Desktop\Colegio\backend\node_modules\express\lib\router\index.js:175:3) {
  code: 'ER_ACCESS_DENIED_ERROR',
  errno: 1045,
  sqlState: '28000',
  sqlMessage: "Access denied for user 'root'@'localhost' (using password: YES)",
  sql: undefined
}
Error: Access denied for user 'root'@'localhost' (using password: YES)
    at Object.getAllRepresentantes (C:\Users\Usuario\Desktop\Colegio\backend\src\models\representanteModel.js:4:27)
    at list (C:\Users\Usuario\Desktop\Colegio\backend\src\controllers\representanteController.js:5:38)
    at Layer.handle [as handle_request] (C:\Users\Usuario\Desktop\Colegio\backend\node_modules\express\lib\router\layer.js:95:5)
    at next (C:\Users\Usuario\Desktop\Colegio\backend\node_modules\express\lib\router\route.js:149:13)
    at Route.dispatch (C:\Users\Usuario\Desktop\Colegio\backend\node_modules\express\lib\router\route.js:119:3)
    at Layer.handle [as handle_request] (C:\Users\Usuario\Desktop\Colegio\backend\node_modules\express\lib\router\layer.js:95:5)
    at C:\Users\Usuario\Desktop\Colegio\backend\node_modules\express\lib\router\index.js:284:15
    at router.process_params (C:\Users\Usuario\Desktop\Colegio\backend\node_modules\express\lib\router\index.js:346:12)
    at next (C:\Users\Usuario\Desktop\Colegio\backend\node_modules\express\lib\router\index.js:280:10)
    at router.handle (C:\Users\Usuario\Desktop\Colegio\backend\node_modules\express\lib\router\index.js:175:3) {
  code: 'ER_ACCESS_DENIED_ERROR',
  errno: 1045,
  sqlState: '28000',
  sqlMessage: "Access denied for user 'root'@'localhost' (using password: YES)",
  sql: undefined
}
Error: Access denied for user 'root'@'localhost' (using password: YES)
    at Object.getAllPreinscripciones (C:\Users\Usuario\Desktop\Colegio\backend\src\models\preinscripcionModel.js:4:27)
    at list (C:\Users\Usuario\Desktop\Colegio\backend\src\controllers\preinscripcionController.js:5:39)
    at Layer.handle [as handle_request] (C:\Users\Usuario\Desktop\Colegio\backend\node_modules\express\lib\router\layer.js:95:5)
    at next (C:\Users\Usuario\Desktop\Colegio\backend\node_modules\express\lib\router\route.js:149:13)
    at Route.dispatch (C:\Users\Usuario\Desktop\Colegio\backend\node_modules\express\lib\router\route.js:119:3)
    at Layer.handle [as handle_request] (C:\Users\Usuario\Desktop\Colegio\backend\node_modules\express\lib\router\layer.js:95:5)
    at C:\Users\Usuario\Desktop\Colegio\backend\node_modules\express\lib\router\index.js:284:15
    at router.process_params (C:\Users\Usuario\Desktop\Colegio\backend\node_modules\express\lib\router\index.js:346:12)
    at next (C:\Users\Usuario\Desktop\Colegio\backend\node_modules\express\lib\router\index.js:280:10)
    at router.handle (C:\Users\Usuario\Desktop\Colegio\backend\node_modules\express\lib\router\index.js:175:3) {
  code: 'ER_ACCESS_DENIED_ERROR',
  errno: 1045,
  sqlState: '28000',
  sqlMessage: "Access denied for user 'root'@'localhost' (using password: YES)",
  sql: undefined
}
Error: Access denied for user 'root'@'localhost' (using password: YES)
    at Object.getSummary (C:\Users\Usuario\Desktop\Colegio\backend\src\models\dashboardModel.js:4:27)
    at summary (C:\Users\Usuario\Desktop\Colegio\backend\src\controllers\dashboardController.js:5:35)
    at Layer.handle [as handle_request] (C:\Users\Usuario\Desktop\Colegio\backend\node_modules\express\lib\router\layer.js:95:5)
    at next (C:\Users\Usuario\Desktop\Colegio\backend\node_modules\express\lib\router\route.js:149:13)
    at Route.dispatch (C:\Users\Usuario\Desktop\Colegio\backend\node_modules\express\lib\router\route.js:119:3)
    at Layer.handle [as handle_request] (C:\Users\Usuario\Desktop\Colegio\backend\node_modules\express\lib\router\layer.js:95:5)
    at C:\Users\Usuario\Desktop\Colegio\backend\node_modules\express\lib\router\index.js:284:15
    at router.process_params (C:\Users\Usuario\Desktop\Colegio\backend\node_modules\express\lib\router\index.js:346:12)
    at next (C:\Users\Usuario\Desktop\Colegio\backend\node_modules\express\lib\router\index.js:280:10)
    at router.handle (C:\Users\Usuario\Desktop\Colegio\backend\node_modules\express\lib\router\index.js:175:3) {
  code: 'ER_ACCESS_DENIED_ERROR',
  errno: 1045,
  sqlState: '28000',
  sqlMessage: "Access denied for user 'root'@'localhost' (using password: YES)",
  sql: undefined
}
Error: Access denied for user 'root'@'localhost' (using password: YES)
    at Object.getAllAlumnos (C:\Users\Usuario\Desktop\Colegio\backend\src\models\alumnoModel.js:4:27)
    at list (C:\Users\Usuario\Desktop\Colegio\backend\src\controllers\alumnoController.js:5:31)
    at Layer.handle [as handle_request] (C:\Users\Usuario\Desktop\Colegio\backend\node_modules\express\lib\router\layer.js:95:5)
    at next (C:\Users\Usuario\Desktop\Colegio\backend\node_modules\express\lib\router\route.js:149:13)
    at Route.dispatch (C:\Users\Usuario\Desktop\Colegio\backend\node_modules\express\lib\router\route.js:119:3)
    at Layer.handle [as handle_request] (C:\Users\Usuario\Desktop\Colegio\backend\node_modules\express\lib\router\layer.js:95:5)
    at C:\Users\Usuario\Desktop\Colegio\backend\node_modules\express\lib\router\index.js:284:15
    at router.process_params (C:\Users\Usuario\Desktop\Colegio\backend\node_modules\express\lib\router\index.js:346:12)
    at next (C:\Users\Usuario\Desktop\Colegio\backend\node_modules\express\lib\router\index.js:280:10)
    at router.handle (C:\Users\Usuario\Desktop\Colegio\backend\node_modules\express\lib\router\index.js:175:3) {
  code: 'ER_ACCESS_DENIED_ERROR',
  errno: 1045,
  sqlState: '28000',
  sqlMessage: "Access denied for user 'root'@'localhost' (using password: YES)",
  sql: undefined
}
Error: Access denied for user 'root'@'localhost' (using password: YES)
    at Object.getAllRepresentantes (C:\Users\Usuario\Desktop\Colegio\backend\src\models\representanteModel.js:4:27)
    at list (C:\Users\Usuario\Desktop\Colegio\backend\src\controllers\representanteController.js:5:38)
    at Layer.handle [as handle_request] (C:\Users\Usuario\Desktop\Colegio\backend\node_modules\express\lib\router\layer.js:95:5)
    at next (C:\Users\Usuario\Desktop\Colegio\backend\node_modules\express\lib\router\route.js:149:13)
    at Route.dispatch (C:\Users\Usuario\Desktop\Colegio\backend\node_modules\express\lib\router\route.js:119:3)
    at Layer.handle [as handle_request] (C:\Users\Usuario\Desktop\Colegio\backend\node_modules\express\lib\router\layer.js:95:5)
    at C:\Users\Usuario\Desktop\Colegio\backend\node_modules\express\lib\router\index.js:284:15
    at router.process_params (C:\Users\Usuario\Desktop\Colegio\backend\node_modules\express\lib\router\index.js:346:12)
    at next (C:\Users\Usuario\Desktop\Colegio\backend\node_modules\express\lib\router\index.js:280:10)
    at router.handle (C:\Users\Usuario\Desktop\Colegio\backend\node_modules\express\lib\router\index.js:175:3) {
  code: 'ER_ACCESS_DENIED_ERROR',
  errno: 1045,
  sqlState: '28000',
  sqlMessage: "Access denied for user 'root'@'localhost' (using password: YES)",
  sql: undefined
}
Error: Access denied for user 'root'@'localhost' (using password: YES)
    at Object.getAllPreinscripciones (C:\Users\Usuario\Desktop\Colegio\backend\src\models\preinscripcionModel.js:4:27)
    at list (C:\Users\Usuario\Desktop\Colegio\backend\src\controllers\preinscripcionController.js:5:39)
    at Layer.handle [as handle_request] (C:\Users\Usuario\Desktop\Colegio\backend\node_modules\express\lib\router\layer.js:95:5)
    at next (C:\Users\Usuario\Desktop\Colegio\backend\node_modules\express\lib\router\route.js:149:13)
    at Route.dispatch (C:\Users\Usuario\Desktop\Colegio\backend\node_modules\express\lib\router\route.js:119:3)
    at Layer.handle [as handle_request] (C:\Users\Usuario\Desktop\Colegio\backend\node_modules\express\lib\router\layer.js:95:5)
    at C:\Users\Usuario\Desktop\Colegio\backend\node_modules\express\lib\router\index.js:284:15
    at router.process_params (C:\Users\Usuario\Desktop\Colegio\backend\node_modules\express\lib\router\index.js:346:12)
    at next (C:\Users\Usuario\Desktop\Colegio\backend\node_modules\express\lib\router\index.js:280:10)
    at router.handle (C:\Users\Usuario\Desktop\Colegio\backend\node_modules\express\lib\router\index.js:175:3) {
  code: 'ER_ACCESS_DENIED_ERROR',
  errno: 1045,
  sqlState: '28000',
  sqlMessage: "Access denied for user 'root'@'localhost' (using password: YES)",
  sql: undefined
}
Error: Access denied for user 'root'@'localhost' (using password: YES)
    at Object.getSummary (C:\Users\Usuario\Desktop\Colegio\backend\src\models\dashboardModel.js:4:27)
    at summary (C:\Users\Usuario\Desktop\Colegio\backend\src\controllers\dashboardController.js:5:35)
    at Layer.handle [as handle_request] (C:\Users\Usuario\Desktop\Colegio\backend\node_modules\express\lib\router\layer.js:95:5)
    at next (C:\Users\Usuario\Desktop\Colegio\backend\node_modules\express\lib\router\route.js:149:13)
    at Route.dispatch (C:\Users\Usuario\Desktop\Colegio\backend\node_modules\express\lib\router\route.js:119:3)
    at Layer.handle [as handle_request] (C:\Users\Usuario\Desktop\Colegio\backend\node_modules\express\lib\router\layer.js:95:5)
    at C:\Users\Usuario\Desktop\Colegio\backend\node_modules\express\lib\router\index.js:284:15
    at router.process_params (C:\Users\Usuario\Desktop\Colegio\backend\node_modules\express\lib\router\index.js:346:12)
    at next (C:\Users\Usuario\Desktop\Colegio\backend\node_modules\express\lib\router\index.js:280:10)
    at router.handle (C:\Users\Usuario\Desktop\Colegio\backend\node_modules\express\lib\router\index.js:175:3) {
  code: 'ER_ACCESS_DENIED_ERROR',
  errno: 1045,
  sqlState: '28000',
  sqlMessage: "Access denied for user 'root'@'localhost' (using password: YES)",
  sql: undefined
}
Error: Access denied for user 'root'@'localhost' (using password: YES)
    at Object.getAllPreinscripciones (C:\Users\Usuario\Desktop\Colegio\backend\src\models\preinscripcionModel.js:4:27)
    at list (C:\Users\Usuario\Desktop\Colegio\backend\src\controllers\preinscripcionController.js:5:39)
    at Layer.handle [as handle_request] (C:\Users\Usuario\Desktop\Colegio\backend\node_modules\express\lib\router\layer.js:95:5)
    at next (C:\Users\Usuario\Desktop\Colegio\backend\node_modules\express\lib\router\route.js:149:13)
    at Route.dispatch (C:\Users\Usuario\Desktop\Colegio\backend\node_modules\express\lib\router\route.js:119:3)
    at Layer.handle [as handle_request] (C:\Users\Usuario\Desktop\Colegio\backend\node_modules\express\lib\router\layer.js:95:5)
    at C:\Users\Usuario\Desktop\Colegio\backend\node_modules\express\lib\router\index.js:284:15
    at router.process_params (C:\Users\Usuario\Desktop\Colegio\backend\node_modules\express\lib\router\index.js:346:12)
    at next (C:\Users\Usuario\Desktop\Colegio\backend\node_modules\express\lib\router\index.js:280:10)
    at router.handle (C:\Users\Usuario\Desktop\Colegio\backend\node_modules\express\lib\router\index.js:175:3) {
  code: 'ER_ACCESS_DENIED_ERROR',
  errno: 1045,
  sqlState: '28000',
  sqlMessage: "Access denied for user 'root'@'localhost' (using password: YES)",
  sql: undefined
}
Error: Access denied for user 'root'@'localhost' (using password: YES)
    at Object.getAllAlumnos (C:\Users\Usuario\Desktop\Colegio\backend\src\models\alumnoModel.js:4:27)
    at list (C:\Users\Usuario\Desktop\Colegio\backend\src\controllers\alumnoController.js:5:31)
    at Layer.handle [as handle_request] (C:\Users\Usuario\Desktop\Colegio\backend\node_modules\express\lib\router\layer.js:95:5)
    at next (C:\Users\Usuario\Desktop\Colegio\backend\node_modules\express\lib\router\route.js:149:13)
    at Route.dispatch (C:\Users\Usuario\Desktop\Colegio\backend\node_modules\express\lib\router\route.js:119:3)
    at Layer.handle [as handle_request] (C:\Users\Usuario\Desktop\Colegio\backend\node_modules\express\lib\router\layer.js:95:5)
    at C:\Users\Usuario\Desktop\Colegio\backend\node_modules\express\lib\router\index.js:284:15
    at router.process_params (C:\Users\Usuario\Desktop\Colegio\backend\node_modules\express\lib\router\index.js:346:12)
    at next (C:\Users\Usuario\Desktop\Colegio\backend\node_modules\express\lib\router\index.js:280:10)
    at router.handle (C:\Users\Usuario\Desktop\Colegio\backend\node_modules\express\lib\router\index.js:175:3) {
  code: 'ER_ACCESS_DENIED_ERROR',
  errno: 1045,
  sqlState: '28000',
  sqlMessage: "Access denied for user 'root'@'localhost' (using password: YES)",
  sql: undefined
}
Error: Access denied for user 'root'@'localhost' (using password: YES)
    at Object.getAllRepresentantes (C:\Users\Usuario\Desktop\Colegio\backend\src\models\representanteModel.js:4:27)
    at list (C:\Users\Usuario\Desktop\Colegio\backend\src\controllers\representanteController.js:5:38)
    at Layer.handle [as handle_request] (C:\Users\Usuario\Desktop\Colegio\backend\node_modules\express\lib\router\layer.js:95:5)
    at next (C:\Users\Usuario\Desktop\Colegio\backend\node_modules\express\lib\router\route.js:149:13)
    at Route.dispatch (C:\Users\Usuario\Desktop\Colegio\backend\node_modules\express\lib\router\route.js:119:3)
    at Layer.handle [as handle_request] (C:\Users\Usuario\Desktop\Colegio\backend\node_modules\express\lib\router\layer.js:95:5)
    at C:\Users\Usuario\Desktop\Colegio\backend\node_modules\express\lib\router\index.js:284:15
    at router.process_params (C:\Users\Usuario\Desktop\Colegio\backend\node_modules\express\lib\router\index.js:346:12)
    at next (C:\Users\Usuario\Desktop\Colegio\backend\node_modules\express\lib\router\index.js:280:10)
    at router.handle (C:\Users\Usuario\Desktop\Colegio\backend\node_modules\express\lib\router\index.js:175:3) {
  code: 'ER_ACCESS_DENIED_ERROR',
  errno: 1045,
  sqlState: '28000',
  sqlMessage: "Access denied for user 'root'@'localhost' (using password: YES)",
  sql: undefined
}
Error: Access denied for user 'root'@'localhost' (using password: YES)
    at Object.getSummary (C:\Users\Usuario\Desktop\Colegio\backend\src\models\dashboardModel.js:4:27)
    at summary (C:\Users\Usuario\Desktop\Colegio\backend\src\controllers\dashboardController.js:5:35)
    at Layer.handle [as handle_request] (C:\Users\Usuario\Desktop\Colegio\backend\node_modules\express\lib\router\layer.js:95:5)
    at next (C:\Users\Usuario\Desktop\Colegio\backend\node_modules\express\lib\router\route.js:149:13)
    at Route.dispatch (C:\Users\Usuario\Desktop\Colegio\backend\node_modules\express\lib\router\route.js:119:3)
    at Layer.handle [as handle_request] (C:\Users\Usuario\Desktop\Colegio\backend\node_modules\express\lib\router\layer.js:95:5)
    at C:\Users\Usuario\Desktop\Colegio\backend\node_modules\express\lib\router\index.js:284:15
    at router.process_params (C:\Users\Usuario\Desktop\Colegio\backend\node_modules\express\lib\router\index.js:346:12)
    at next (C:\Users\Usuario\Desktop\Colegio\backend\node_modules\express\lib\router\index.js:280:10)
    at router.handle (C:\Users\Usuario\Desktop\Colegio\backend\node_modules\express\lib\router\index.js:175:3) {
  code: 'ER_ACCESS_DENIED_ERROR',
  errno: 1045,
  sqlState: '28000',
  sqlMessage: "Access denied for user 'root'@'localhost' (using password: YES)",
  sql: undefined
}
Error: Access denied for user 'root'@'localhost' (using password: YES)
    at Object.getAllAlumnos (C:\Users\Usuario\Desktop\Colegio\backend\src\models\alumnoModel.js:4:27)
    at list (C:\Users\Usuario\Desktop\Colegio\backend\src\controllers\alumnoController.js:5:31)
    at Layer.handle [as handle_request] (C:\Users\Usuario\Desktop\Colegio\backend\node_modules\express\lib\router\layer.js:95:5)
    at next (C:\Users\Usuario\Desktop\Colegio\backend\node_modules\express\lib\router\route.js:149:13)
    at Route.dispatch (C:\Users\Usuario\Desktop\Colegio\backend\node_modules\express\lib\router\route.js:119:3)
    at Layer.handle [as handle_request] (C:\Users\Usuario\Desktop\Colegio\backend\node_modules\express\lib\router\layer.js:95:5)
    at C:\Users\Usuario\Desktop\Colegio\backend\node_modules\express\lib\router\index.js:284:15
    at router.process_params (C:\Users\Usuario\Desktop\Colegio\backend\node_modules\express\lib\router\index.js:346:12)
    at next (C:\Users\Usuario\Desktop\Colegio\backend\node_modules\express\lib\router\index.js:280:10)
    at router.handle (C:\Users\Usuario\Desktop\Colegio\backend\node_modules\express\lib\router\index.js:175:3) {
  code: 'ER_ACCESS_DENIED_ERROR',
  errno: 1045,
  sqlState: '28000',
  sqlMessage: "Access denied for user 'root'@'localhost' (using password: YES)",
  sql: undefined
}
Error: Access denied for user 'root'@'localhost' (using password: YES)
    at Object.getAllRepresentantes (C:\Users\Usuario\Desktop\Colegio\backend\src\models\representanteModel.js:4:27)
    at list (C:\Users\Usuario\Desktop\Colegio\backend\src\controllers\representanteController.js:5:38)
    at Layer.handle [as handle_request] (C:\Users\Usuario\Desktop\Colegio\backend\node_modules\express\lib\router\layer.js:95:5)
    at next (C:\Users\Usuario\Desktop\Colegio\backend\node_modules\express\lib\router\route.js:149:13)
    at Route.dispatch (C:\Users\Usuario\Desktop\Colegio\backend\node_modules\express\lib\router\route.js:119:3)
    at Layer.handle [as handle_request] (C:\Users\Usuario\Desktop\Colegio\backend\node_modules\express\lib\router\layer.js:95:5)
    at C:\Users\Usuario\Desktop\Colegio\backend\node_modules\express\lib\router\index.js:284:15
    at router.process_params (C:\Users\Usuario\Desktop\Colegio\backend\node_modules\express\lib\router\index.js:346:12)
    at next (C:\Users\Usuario\Desktop\Colegio\backend\node_modules\express\lib\router\index.js:280:10)
    at router.handle (C:\Users\Usuario\Desktop\Colegio\backend\node_modules\express\lib\router\index.js:175:3) {
  code: 'ER_ACCESS_DENIED_ERROR',
  errno: 1045,
  sqlState: '28000',
  sqlMessage: "Access denied for user 'root'@'localhost' (using password: YES)",
  sql: undefined
}
Error: Access denied for user 'root'@'localhost' (using password: YES)
    at Object.getAllPreinscripciones (C:\Users\Usuario\Desktop\Colegio\backend\src\models\preinscripcionModel.js:4:27)
    at list (C:\Users\Usuario\Desktop\Colegio\backend\src\controllers\preinscripcionController.js:5:39)
    at Layer.handle [as handle_request] (C:\Users\Usuario\Desktop\Colegio\backend\node_modules\express\lib\router\layer.js:95:5)
    at next (C:\Users\Usuario\Desktop\Colegio\backend\node_modules\express\lib\router\route.js:149:13)
    at Route.dispatch (C:\Users\Usuario\Desktop\Colegio\backend\node_modules\express\lib\router\route.js:119:3)
    at Layer.handle [as handle_request] (C:\Users\Usuario\Desktop\Colegio\backend\node_modules\express\lib\router\layer.js:95:5)
    at C:\Users\Usuario\Desktop\Colegio\backend\node_modules\express\lib\router\index.js:284:15
    at router.process_params (C:\Users\Usuario\Desktop\Colegio\backend\node_modules\express\lib\router\index.js:346:12)
    at next (C:\Users\Usuario\Desktop\Colegio\backend\node_modules\express\lib\router\index.js:280:10)
    at router.handle (C:\Users\Usuario\Desktop\Colegio\backend\node_modules\express\lib\router\index.js:175:3) {
  code: 'ER_ACCESS_DENIED_ERROR',
  errno: 1045,
  sqlState: '28000',
  sqlMessage: "Access denied for user 'root'@'localhost' (using password: YES)",
  sql: undefined
}
Error: Access denied for user 'root'@'localhost' (using password: YES)
    at Object.getSummary (C:\Users\Usuario\Desktop\Colegio\backend\src\models\dashboardModel.js:4:27)
    at summary (C:\Users\Usuario\Desktop\Colegio\backend\src\controllers\dashboardController.js:5:35)
    at Layer.handle [as handle_request] (C:\Users\Usuario\Desktop\Colegio\backend\node_modules\express\lib\router\layer.js:95:5)
    at next (C:\Users\Usuario\Desktop\Colegio\backend\node_modules\express\lib\router\route.js:149:13)
    at Route.dispatch (C:\Users\Usuario\Desktop\Colegio\backend\node_modules\express\lib\router\route.js:119:3)
    at Layer.handle [as handle_request] (C:\Users\Usuario\Desktop\Colegio\backend\node_modules\express\lib\router\layer.js:95:5)
    at C:\Users\Usuario\Desktop\Colegio\backend\node_modules\express\lib\router\index.js:284:15
    at router.process_params (C:\Users\Usuario\Desktop\Colegio\backend\node_modules\express\lib\router\index.js:346:12)
    at next (C:\Users\Usuario\Desktop\Colegio\backend\node_modules\express\lib\router\index.js:280:10)
    at router.handle (C:\Users\Usuario\Desktop\Colegio\backend\node_modules\express\lib\router\index.js:175:3) {
  code: 'ER_ACCESS_DENIED_ERROR',
  errno: 1045,
  sqlState: '28000',
  sqlMessage: "Access denied for user 'root'@'localhost' (using password: YES)",
  sql: undefined
}
Error: Access denied for user 'root'@'localhost' (using password: YES)
    at Object.getAllAlumnos (C:\Users\Usuario\Desktop\Colegio\backend\src\models\alumnoModel.js:4:27)
    at list (C:\Users\Usuario\Desktop\Colegio\backend\src\controllers\alumnoController.js:5:31)
    at Layer.handle [as handle_request] (C:\Users\Usuario\Desktop\Colegio\backend\node_modules\express\lib\router\layer.js:95:5)
    at next (C:\Users\Usuario\Desktop\Colegio\backend\node_modules\express\lib\router\route.js:149:13)
    at Route.dispatch (C:\Users\Usuario\Desktop\Colegio\backend\node_modules\express\lib\router\route.js:119:3)
    at Layer.handle [as handle_request] (C:\Users\Usuario\Desktop\Colegio\backend\node_modules\express\lib\router\layer.js:95:5)
    at C:\Users\Usuario\Desktop\Colegio\backend\node_modules\express\lib\router\index.js:284:15
    at router.process_params (C:\Users\Usuario\Desktop\Colegio\backend\node_modules\express\lib\router\index.js:346:12)
    at next (C:\Users\Usuario\Desktop\Colegio\backend\node_modules\express\lib\router\index.js:280:10)
    at router.handle (C:\Users\Usuario\Desktop\Colegio\backend\node_modules\express\lib\router\index.js:175:3) {
  code: 'ER_ACCESS_DENIED_ERROR',
  errno: 1045,
  sqlState: '28000',
  sqlMessage: "Access denied for user 'root'@'localhost' (using password: YES)",
  sql: undefined
}
Error: Access denied for user 'root'@'localhost' (using password: YES)
    at Object.getAllRepresentantes (C:\Users\Usuario\Desktop\Colegio\backend\src\models\representanteModel.js:4:27)
    at list (C:\Users\Usuario\Desktop\Colegio\backend\src\controllers\representanteController.js:5:38)
    at Layer.handle [as handle_request] (C:\Users\Usuario\Desktop\Colegio\backend\node_modules\express\lib\router\layer.js:95:5)
    at next (C:\Users\Usuario\Desktop\Colegio\backend\node_modules\express\lib\router\route.js:149:13)
    at Route.dispatch (C:\Users\Usuario\Desktop\Colegio\backend\node_modules\express\lib\router\route.js:119:3)
    at Layer.handle [as handle_request] (C:\Users\Usuario\Desktop\Colegio\backend\node_modules\express\lib\router\layer.js:95:5)
    at C:\Users\Usuario\Desktop\Colegio\backend\node_modules\express\lib\router\index.js:284:15
    at router.process_params (C:\Users\Usuario\Desktop\Colegio\backend\node_modules\express\lib\router\index.js:346:12)
    at next (C:\Users\Usuario\Desktop\Colegio\backend\node_modules\express\lib\router\index.js:280:10)
    at router.handle (C:\Users\Usuario\Desktop\Colegio\backend\node_modules\express\lib\router\index.js:175:3) {
  code: 'ER_ACCESS_DENIED_ERROR',
  errno: 1045,
  sqlState: '28000',
  sqlMessage: "Access denied for user 'root'@'localhost' (using password: YES)",
  sql: undefined
}
Error: Access denied for user 'root'@'localhost' (using password: YES)
    at Object.getAllPreinscripciones (C:\Users\Usuario\Desktop\Colegio\backend\src\models\preinscripcionModel.js:4:27)
    at list (C:\Users\Usuario\Desktop\Colegio\backend\src\controllers\preinscripcionController.js:5:39)
    at Layer.handle [as handle_request] (C:\Users\Usuario\Desktop\Colegio\backend\node_modules\express\lib\router\layer.js:95:5)
    at next (C:\Users\Usuario\Desktop\Colegio\backend\node_modules\express\lib\router\route.js:149:13)
    at Route.dispatch (C:\Users\Usuario\Desktop\Colegio\backend\node_modules\express\lib\router\route.js:119:3)
    at Layer.handle [as handle_request] (C:\Users\Usuario\Desktop\Colegio\backend\node_modules\express\lib\router\layer.js:95:5)
    at C:\Users\Usuario\Desktop\Colegio\backend\node_modules\express\lib\router\index.js:284:15
    at router.process_params (C:\Users\Usuario\Desktop\Colegio\backend\node_modules\express\lib\router\index.js:346:12)
    at next (C:\Users\Usuario\Desktop\Colegio\backend\node_modules\express\lib\router\index.js:280:10)
    at router.handle (C:\Users\Usuario\Desktop\Colegio\backend\node_modules\express\lib\router\index.js:175:3) {
  code: 'ER_ACCESS_DENIED_ERROR',
  errno: 1045,
  sqlState: '28000',
  sqlMessage: "Access denied for user 'root'@'localhost' (using password: YES)",
  sql: undefined
}
Error: Access denied for user 'root'@'localhost' (using password: YES)
    at Object.getSummary (C:\Users\Usuario\Desktop\Colegio\backend\src\models\dashboardModel.js:4:27)
    at summary (C:\Users\Usuario\Desktop\Colegio\backend\src\controllers\dashboardController.js:5:35)
    at Layer.handle [as handle_request] (C:\Users\Usuario\Desktop\Colegio\backend\node_modules\express\lib\router\layer.js:95:5)
    at next (C:\Users\Usuario\Desktop\Colegio\backend\node_modules\express\lib\router\route.js:149:13)
    at Route.dispatch (C:\Users\Usuario\Desktop\Colegio\backend\node_modules\express\lib\router\route.js:119:3)
    at Layer.handle [as handle_request] (C:\Users\Usuario\Desktop\Colegio\backend\node_modules\express\lib\router\layer.js:95:5)
    at C:\Users\Usuario\Desktop\Colegio\backend\node_modules\express\lib\router\index.js:284:15
    at router.process_params (C:\Users\Usuario\Desktop\Colegio\backend\node_modules\express\lib\router\index.js:346:12)
    at next (C:\Users\Usuario\Desktop\Colegio\backend\node_modules\express\lib\router\index.js:280:10)
    at router.handle (C:\Users\Usuario\Desktop\Colegio\backend\node_modules\express\lib\router\index.js:175:3) {
  code: 'ER_ACCESS_DENIED_ERROR',
  errno: 1045,
  sqlState: '28000',
  sqlMessage: "Access denied for user 'root'@'localhost' (using password: YES)",
  sql: undefined
}
Error: Access denied for user 'root'@'localhost' (using password: YES)
    at Object.getAllAlumnos (C:\Users\Usuario\Desktop\Colegio\backend\src\models\alumnoModel.js:4:27)
    at list (C:\Users\Usuario\Desktop\Colegio\backend\src\controllers\alumnoController.js:5:31)
    at Layer.handle [as handle_request] (C:\Users\Usuario\Desktop\Colegio\backend\node_modules\express\lib\router\layer.js:95:5)
    at next (C:\Users\Usuario\Desktop\Colegio\backend\node_modules\express\lib\router\route.js:149:13)
    at Route.dispatch (C:\Users\Usuario\Desktop\Colegio\backend\node_modules\express\lib\router\route.js:119:3)
    at Layer.handle [as handle_request] (C:\Users\Usuario\Desktop\Colegio\backend\node_modules\express\lib\router\layer.js:95:5)
    at C:\Users\Usuario\Desktop\Colegio\backend\node_modules\express\lib\router\index.js:284:15
    at router.process_params (C:\Users\Usuario\Desktop\Colegio\backend\node_modules\express\lib\router\index.js:346:12)
    at next (C:\Users\Usuario\Desktop\Colegio\backend\node_modules\express\lib\router\index.js:280:10)
    at router.handle (C:\Users\Usuario\Desktop\Colegio\backend\node_modules\express\lib\router\index.js:175:3) {
  code: 'ER_ACCESS_DENIED_ERROR',
  errno: 1045,
  sqlState: '28000',
  sqlMessage: "Access denied for user 'root'@'localhost' (using password: YES)",
  sql: undefined
}
Error: Access denied for user 'root'@'localhost' (using password: YES)
    at Object.getAllPreinscripciones (C:\Users\Usuario\Desktop\Colegio\backend\src\models\preinscripcionModel.js:4:27)
    at list (C:\Users\Usuario\Desktop\Colegio\backend\src\controllers\preinscripcionController.js:5:39)
    at Layer.handle [as handle_request] (C:\Users\Usuario\Desktop\Colegio\backend\node_modules\express\lib\router\layer.js:95:5)
    at next (C:\Users\Usuario\Desktop\Colegio\backend\node_modules\express\lib\router\route.js:149:13)
    at Route.dispatch (C:\Users\Usuario\Desktop\Colegio\backend\node_modules\express\lib\router\route.js:119:3)
    at Layer.handle [as handle_request] (C:\Users\Usuario\Desktop\Colegio\backend\node_modules\express\lib\router\layer.js:95:5)
    at C:\Users\Usuario\Desktop\Colegio\backend\node_modules\express\lib\router\index.js:284:15
    at router.process_params (C:\Users\Usuario\Desktop\Colegio\backend\node_modules\express\lib\router\index.js:346:12)
    at next (C:\Users\Usuario\Desktop\Colegio\backend\node_modules\express\lib\router\index.js:280:10)
    at router.handle (C:\Users\Usuario\Desktop\Colegio\backend\node_modules\express\lib\router\index.js:175:3) {
  code: 'ER_ACCESS_DENIED_ERROR',
  errno: 1045,
  sqlState: '28000',
  sqlMessage: "Access denied for user 'root'@'localhost' (using password: YES)",
  sql: undefined
}
Error: Access denied for user 'root'@'localhost' (using password: YES)
    at Object.getAllRepresentantes (C:\Users\Usuario\Desktop\Colegio\backend\src\models\representanteModel.js:4:27)
    at list (C:\Users\Usuario\Desktop\Colegio\backend\src\controllers\representanteController.js:5:38)
    at Layer.handle [as handle_request] (C:\Users\Usuario\Desktop\Colegio\backend\node_modules\express\lib\router\layer.js:95:5)
    at next (C:\Users\Usuario\Desktop\Colegio\backend\node_modules\express\lib\router\route.js:149:13)
    at Route.dispatch (C:\Users\Usuario\Desktop\Colegio\backend\node_modules\express\lib\router\route.js:119:3)
    at Layer.handle [as handle_request] (C:\Users\Usuario\Desktop\Colegio\backend\node_modules\express\lib\router\layer.js:95:5)
    at C:\Users\Usuario\Desktop\Colegio\backend\node_modules\express\lib\router\index.js:284:15
    at router.process_params (C:\Users\Usuario\Desktop\Colegio\backend\node_modules\express\lib\router\index.js:346:12)
    at next (C:\Users\Usuario\Desktop\Colegio\backend\node_modules\express\lib\router\index.js:280:10)
    at router.handle (C:\Users\Usuario\Desktop\Colegio\backend\node_modules\express\lib\router\index.js:175:3) {
  code: 'ER_ACCESS_DENIED_ERROR',
  errno: 1045,
  sqlState: '28000',
  sqlMessage: "Access denied for user 'root'@'localhost' (using password: YES)",
  sql: undefined
}
Error: Access denied for user 'root'@'localhost' (using password: YES)
    at Object.getSummary (C:\Users\Usuario\Desktop\Colegio\backend\src\models\dashboardModel.js:4:27)
    at summary (C:\Users\Usuario\Desktop\Colegio\backend\src\controllers\dashboardController.js:5:35)
    at Layer.handle [as handle_request] (C:\Users\Usuario\Desktop\Colegio\backend\node_modules\express\lib\router\layer.js:95:5)
    at next (C:\Users\Usuario\Desktop\Colegio\backend\node_modules\express\lib\router\route.js:149:13)
    at Route.dispatch (C:\Users\Usuario\Desktop\Colegio\backend\node_modules\express\lib\router\route.js:119:3)
    at Layer.handle [as handle_request] (C:\Users\Usuario\Desktop\Colegio\backend\node_modules\express\lib\router\layer.js:95:5)
    at C:\Users\Usuario\Desktop\Colegio\backend\node_modules\express\lib\router\index.js:284:15
    at router.process_params (C:\Users\Usuario\Desktop\Colegio\backend\node_modules\express\lib\router\index.js:346:12)
    at next (C:\Users\Usuario\Desktop\Colegio\backend\node_modules\express\lib\router\index.js:280:10)
    at router.handle (C:\Users\Usuario\Desktop\Colegio\backend\node_modules\express\lib\router\index.js:175:3) {
  code: 'ER_ACCESS_DENIED_ERROR',
  errno: 1045,
  sqlState: '28000',
  sqlMessage: "Access denied for user 'root'@'localhost' (using password: YES)",
  sql: undefined
}
Error: Access denied for user 'root'@'localhost' (using password: YES)
    at Object.getAllPreinscripciones (C:\Users\Usuario\Desktop\Colegio\backend\src\models\preinscripcionModel.js:4:27)
    at list (C:\Users\Usuario\Desktop\Colegio\backend\src\controllers\preinscripcionController.js:5:39)
    at Layer.handle [as handle_request] (C:\Users\Usuario\Desktop\Colegio\backend\node_modules\express\lib\router\layer.js:95:5)
    at next (C:\Users\Usuario\Desktop\Colegio\backend\node_modules\express\lib\router\route.js:149:13)
    at Route.dispatch (C:\Users\Usuario\Desktop\Colegio\backend\node_modules\express\lib\router\route.js:119:3)
    at Layer.handle [as handle_request] (C:\Users\Usuario\Desktop\Colegio\backend\node_modules\express\lib\router\layer.js:95:5)
    at C:\Users\Usuario\Desktop\Colegio\backend\node_modules\express\lib\router\index.js:284:15
    at router.process_params (C:\Users\Usuario\Desktop\Colegio\backend\node_modules\express\lib\router\index.js:346:12)
    at next (C:\Users\Usuario\Desktop\Colegio\backend\node_modules\express\lib\router\index.js:280:10)
    at router.handle (C:\Users\Usuario\Desktop\Colegio\backend\node_modules\express\lib\router\index.js:175:3) {
  code: 'ER_ACCESS_DENIED_ERROR',
  errno: 1045,
  sqlState: '28000',
  sqlMessage: "Access denied for user 'root'@'localhost' (using password: YES)",
  sql: undefined
}
Error: Access denied for user 'root'@'localhost' (using password: YES)
    at Object.getAllRepresentantes (C:\Users\Usuario\Desktop\Colegio\backend\src\models\representanteModel.js:4:27)
    at list (C:\Users\Usuario\Desktop\Colegio\backend\src\controllers\representanteController.js:5:38)
    at Layer.handle [as handle_request] (C:\Users\Usuario\Desktop\Colegio\backend\node_modules\express\lib\router\layer.js:95:5)
    at next (C:\Users\Usuario\Desktop\Colegio\backend\node_modules\express\lib\router\route.js:149:13)
    at Route.dispatch (C:\Users\Usuario\Desktop\Colegio\backend\node_modules\express\lib\router\route.js:119:3)
    at Layer.handle [as handle_request] (C:\Users\Usuario\Desktop\Colegio\backend\node_modules\express\lib\router\layer.js:95:5)
    at C:\Users\Usuario\Desktop\Colegio\backend\node_modules\express\lib\router\index.js:284:15
    at router.process_params (C:\Users\Usuario\Desktop\Colegio\backend\node_modules\express\lib\router\index.js:346:12)
    at next (C:\Users\Usuario\Desktop\Colegio\backend\node_modules\express\lib\router\index.js:280:10)
    at router.handle (C:\Users\Usuario\Desktop\Colegio\backend\node_modules\express\lib\router\index.js:175:3) {
  code: 'ER_ACCESS_DENIED_ERROR',
  errno: 1045,
  sqlState: '28000',
  sqlMessage: "Access denied for user 'root'@'localhost' (using password: YES)",
  sql: undefined
}
Error: Access denied for user 'root'@'localhost' (using password: YES)
    at Object.getAllAlumnos (C:\Users\Usuario\Desktop\Colegio\backend\src\models\alumnoModel.js:4:27)
    at list (C:\Users\Usuario\Desktop\Colegio\backend\src\controllers\alumnoController.js:5:31)
    at Layer.handle [as handle_request] (C:\Users\Usuario\Desktop\Colegio\backend\node_modules\express\lib\router\layer.js:95:5)
    at next (C:\Users\Usuario\Desktop\Colegio\backend\node_modules\express\lib\router\route.js:149:13)
    at Route.dispatch (C:\Users\Usuario\Desktop\Colegio\backend\node_modules\express\lib\router\route.js:119:3)
    at Layer.handle [as handle_request] (C:\Users\Usuario\Desktop\Colegio\backend\node_modules\express\lib\router\layer.js:95:5)
    at C:\Users\Usuario\Desktop\Colegio\backend\node_modules\express\lib\router\index.js:284:15
    at router.process_params (C:\Users\Usuario\Desktop\Colegio\backend\node_modules\express\lib\router\index.js:346:12)
    at next (C:\Users\Usuario\Desktop\Colegio\backend\node_modules\express\lib\router\index.js:280:10)
    at router.handle (C:\Users\Usuario\Desktop\Colegio\backend\node_modules\express\lib\router\index.js:175:3) {
  code: 'ER_ACCESS_DENIED_ERROR',
  errno: 1045,
  sqlState: '28000',
  sqlMessage: "Access denied for user 'root'@'localhost' (using password: YES)",
  sql: undefined
}
Error: Access denied for user 'root'@'localhost' (using password: YES)
    at Object.getAllAlumnos (C:\Users\Usuario\Desktop\Colegio\backend\src\models\alumnoModel.js:4:27)
    at list (C:\Users\Usuario\Desktop\Colegio\backend\src\controllers\alumnoController.js:5:31)
    at Layer.handle [as handle_request] (C:\Users\Usuario\Desktop\Colegio\backend\node_modules\express\lib\router\layer.js:95:5)
    at next (C:\Users\Usuario\Desktop\Colegio\backend\node_modules\express\lib\router\route.js:149:13)
    at Route.dispatch (C:\Users\Usuario\Desktop\Colegio\backend\node_modules\express\lib\router\route.js:119:3)
    at Layer.handle [as handle_request] (C:\Users\Usuario\Desktop\Colegio\backend\node_modules\express\lib\router\layer.js:95:5)
    at C:\Users\Usuario\Desktop\Colegio\backend\node_modules\express\lib\router\index.js:284:15
    at router.process_params (C:\Users\Usuario\Desktop\Colegio\backend\node_modules\express\lib\router\index.js:346:12)
    at next (C:\Users\Usuario\Desktop\Colegio\backend\node_modules\express\lib\router\index.js:280:10)
    at router.handle (C:\Users\Usuario\Desktop\Colegio\backend\node_modules\express\lib\router\index.js:175:3) {
  code: 'ER_ACCESS_DENIED_ERROR',
  errno: 1045,
  sqlState: '28000',
  sqlMessage: "Access denied for user 'root'@'localhost' (using password: YES)",
  sql: undefined
}
Error: Access denied for user 'root'@'localhost' (using password: YES)
    at Object.getSummary (C:\Users\Usuario\Desktop\Colegio\backend\src\models\dashboardModel.js:4:27)
    at summary (C:\Users\Usuario\Desktop\Colegio\backend\src\controllers\dashboardController.js:5:35)
    at Layer.handle [as handle_request] (C:\Users\Usuario\Desktop\Colegio\backend\node_modules\express\lib\router\layer.js:95:5)
    at next (C:\Users\Usuario\Desktop\Colegio\backend\node_modules\express\lib\router\route.js:149:13)
    at Route.dispatch (C:\Users\Usuario\Desktop\Colegio\backend\node_modules\express\lib\router\route.js:119:3)
    at Layer.handle [as handle_request] (C:\Users\Usuario\Desktop\Colegio\backend\node_modules\express\lib\router\layer.js:95:5)
    at C:\Users\Usuario\Desktop\Colegio\backend\node_modules\express\lib\router\index.js:284:15
    at router.process_params (C:\Users\Usuario\Desktop\Colegio\backend\node_modules\express\lib\router\index.js:346:12)
    at next (C:\Users\Usuario\Desktop\Colegio\backend\node_modules\express\lib\router\index.js:280:10)
    at router.handle (C:\Users\Usuario\Desktop\Colegio\backend\node_modules\express\lib\router\index.js:175:3) {
  code: 'ER_ACCESS_DENIED_ERROR',
  errno: 1045,
  sqlState: '28000',
  sqlMessage: "Access denied for user 'root'@'localhost' (using password: YES)",
  sql: undefined
}
Error: Access denied for user 'root'@'localhost' (using password: YES)
    at Object.getAllRepresentantes (C:\Users\Usuario\Desktop\Colegio\backend\src\models\representanteModel.js:4:27)
    at list (C:\Users\Usuario\Desktop\Colegio\backend\src\controllers\representanteController.js:5:38)
    at Layer.handle [as handle_request] (C:\Users\Usuario\Desktop\Colegio\backend\node_modules\express\lib\router\layer.js:95:5)
    at next (C:\Users\Usuario\Desktop\Colegio\backend\node_modules\express\lib\router\route.js:149:13)
    at Route.dispatch (C:\Users\Usuario\Desktop\Colegio\backend\node_modules\express\lib\router\route.js:119:3)
    at Layer.handle [as handle_request] (C:\Users\Usuario\Desktop\Colegio\backend\node_modules\express\lib\router\layer.js:95:5)
    at C:\Users\Usuario\Desktop\Colegio\backend\node_modules\express\lib\router\index.js:284:15
    at router.process_params (C:\Users\Usuario\Desktop\Colegio\backend\node_modules\express\lib\router\index.js:346:12)
    at next (C:\Users\Usuario\Desktop\Colegio\backend\node_modules\express\lib\router\index.js:280:10)
    at router.handle (C:\Users\Usuario\Desktop\Colegio\backend\node_modules\express\lib\router\index.js:175:3) {
  code: 'ER_ACCESS_DENIED_ERROR',
  errno: 1045,
  sqlState: '28000',
  sqlMessage: "Access denied for user 'root'@'localhost' (using password: YES)",
  sql: undefined
}
Error: Access denied for user 'root'@'localhost' (using password: YES)
    at Object.getAllPreinscripciones (C:\Users\Usuario\Desktop\Colegio\backend\src\models\preinscripcionModel.js:4:27)
    at list (C:\Users\Usuario\Desktop\Colegio\backend\src\controllers\preinscripcionController.js:5:39)
    at Layer.handle [as handle_request] (C:\Users\Usuario\Desktop\Colegio\backend\node_modules\express\lib\router\layer.js:95:5)
    at next (C:\Users\Usuario\Desktop\Colegio\backend\node_modules\express\lib\router\route.js:149:13)
    at Route.dispatch (C:\Users\Usuario\Desktop\Colegio\backend\node_modules\express\lib\router\route.js:119:3)
    at Layer.handle [as handle_request] (C:\Users\Usuario\Desktop\Colegio\backend\node_modules\express\lib\router\layer.js:95:5)
    at C:\Users\Usuario\Desktop\Colegio\backend\node_modules\express\lib\router\index.js:284:15
    at router.process_params (C:\Users\Usuario\Desktop\Colegio\backend\node_modules\express\lib\router\index.js:346:12)
    at next (C:\Users\Usuario\Desktop\Colegio\backend\node_modules\express\lib\router\index.js:280:10)
    at router.handle (C:\Users\Usuario\Desktop\Colegio\backend\node_modules\express\lib\router\index.js:175:3) {
  code: 'ER_ACCESS_DENIED_ERROR',
  errno: 1045,
  sqlState: '28000',
  sqlMessage: "Access denied for user 'root'@'localhost' (using password: YES)",
  sql: undefined
}
Error: Access denied for user 'root'@'localhost' (using password: YES)
    at Object.getAllAlumnos (C:\Users\Usuario\Desktop\Colegio\backend\src\models\alumnoModel.js:4:27)
    at list (C:\Users\Usuario\Desktop\Colegio\backend\src\controllers\alumnoController.js:5:31)
    at Layer.handle [as handle_request] (C:\Users\Usuario\Desktop\Colegio\backend\node_modules\express\lib\router\layer.js:95:5)
    at next (C:\Users\Usuario\Desktop\Colegio\backend\node_modules\express\lib\router\route.js:149:13)
    at Route.dispatch (C:\Users\Usuario\Desktop\Colegio\backend\node_modules\express\lib\router\route.js:119:3)
    at Layer.handle [as handle_request] (C:\Users\Usuario\Desktop\Colegio\backend\node_modules\express\lib\router\layer.js:95:5)
    at C:\Users\Usuario\Desktop\Colegio\backend\node_modules\express\lib\router\index.js:284:15
    at router.process_params (C:\Users\Usuario\Desktop\Colegio\backend\node_modules\express\lib\router\index.js:346:12)
    at next (C:\Users\Usuario\Desktop\Colegio\backend\node_modules\express\lib\router\index.js:280:10)
    at router.handle (C:\Users\Usuario\Desktop\Colegio\backend\node_modules\express\lib\router\index.js:175:3) {
  code: 'ER_ACCESS_DENIED_ERROR',
  errno: 1045,
  sqlState: '28000',
  sqlMessage: "Access denied for user 'root'@'localhost' (using password: YES)",
  sql: undefined
}
Error: Access denied for user 'root'@'localhost' (using password: YES)
    at Object.getAllAlumnos (C:\Users\Usuario\Desktop\Colegio\backend\src\models\alumnoModel.js:4:27)
    at list (C:\Users\Usuario\Desktop\Colegio\backend\src\controllers\alumnoController.js:5:31)
    at Layer.handle [as handle_request] (C:\Users\Usuario\Desktop\Colegio\backend\node_modules\express\lib\router\layer.js:95:5)
    at next (C:\Users\Usuario\Desktop\Colegio\backend\node_modules\express\lib\router\route.js:149:13)
    at Route.dispatch (C:\Users\Usuario\Desktop\Colegio\backend\node_modules\express\lib\router\route.js:119:3)
    at Layer.handle [as handle_request] (C:\Users\Usuario\Desktop\Colegio\backend\node_modules\express\lib\router\layer.js:95:5)
    at C:\Users\Usuario\Desktop\Colegio\backend\node_modules\express\lib\router\index.js:284:15
    at router.process_params (C:\Users\Usuario\Desktop\Colegio\backend\node_modules\express\lib\router\index.js:346:12)
    at next (C:\Users\Usuario\Desktop\Colegio\backend\node_modules\express\lib\router\index.js:280:10)
    at router.handle (C:\Users\Usuario\Desktop\Colegio\backend\node_modules\express\lib\router\index.js:175:3) {
  code: 'ER_ACCESS_DENIED_ERROR',
  errno: 1045,
  sqlState: '28000',
  sqlMessage: "Access denied for user 'root'@'localhost' (using password: YES)",
  sql: undefined
}
Error: Access denied for user 'root'@'localhost' (using password: YES)
    at Object.getAllRepresentantes (C:\Users\Usuario\Desktop\Colegio\backend\src\models\representanteModel.js:4:27)
    at list (C:\Users\Usuario\Desktop\Colegio\backend\src\controllers\representanteController.js:5:38)
    at Layer.handle [as handle_request] (C:\Users\Usuario\Desktop\Colegio\backend\node_modules\express\lib\router\layer.js:95:5)
    at next (C:\Users\Usuario\Desktop\Colegio\backend\node_modules\express\lib\router\route.js:149:13)
    at Route.dispatch (C:\Users\Usuario\Desktop\Colegio\backend\node_modules\express\lib\router\route.js:119:3)
    at Layer.handle [as handle_request] (C:\Users\Usuario\Desktop\Colegio\backend\node_modules\express\lib\router\layer.js:95:5)
    at C:\Users\Usuario\Desktop\Colegio\backend\node_modules\express\lib\router\index.js:284:15
    at router.process_params (C:\Users\Usuario\Desktop\Colegio\backend\node_modules\express\lib\router\index.js:346:12)
    at next (C:\Users\Usuario\Desktop\Colegio\backend\node_modules\express\lib\router\index.js:280:10)
    at router.handle (C:\Users\Usuario\Desktop\Colegio\backend\node_modules\express\lib\router\index.js:175:3) {
  code: 'ER_ACCESS_DENIED_ERROR',
  errno: 1045,
  sqlState: '28000',
  sqlMessage: "Access denied for user 'root'@'localhost' (using password: YES)",
  sql: undefined
}
Error: Access denied for user 'root'@'localhost' (using password: YES)
    at Object.getAllPreinscripciones (C:\Users\Usuario\Desktop\Colegio\backend\src\models\preinscripcionModel.js:4:27)
    at list (C:\Users\Usuario\Desktop\Colegio\backend\src\controllers\preinscripcionController.js:5:39)
    at Layer.handle [as handle_request] (C:\Users\Usuario\Desktop\Colegio\backend\node_modules\express\lib\router\layer.js:95:5)
    at next (C:\Users\Usuario\Desktop\Colegio\backend\node_modules\express\lib\router\route.js:149:13)
    at Route.dispatch (C:\Users\Usuario\Desktop\Colegio\backend\node_modules\express\lib\router\route.js:119:3)
    at Layer.handle [as handle_request] (C:\Users\Usuario\Desktop\Colegio\backend\node_modules\express\lib\router\layer.js:95:5)
    at C:\Users\Usuario\Desktop\Colegio\backend\node_modules\express\lib\router\index.js:284:15
    at router.process_params (C:\Users\Usuario\Desktop\Colegio\backend\node_modules\express\lib\router\index.js:346:12)
    at next (C:\Users\Usuario\Desktop\Colegio\backend\node_modules\express\lib\router\index.js:280:10)
    at router.handle (C:\Users\Usuario\Desktop\Colegio\backend\node_modules\express\lib\router\index.js:175:3) {
  code: 'ER_ACCESS_DENIED_ERROR',
  errno: 1045,
  sqlState: '28000',
  sqlMessage: "Access denied for user 'root'@'localhost' (using password: YES)",
  sql: undefined
}
Error: Access denied for user 'root'@'localhost' (using password: YES)
    at Object.getSummary (C:\Users\Usuario\Desktop\Colegio\backend\src\models\dashboardModel.js:4:27)
    at summary (C:\Users\Usuario\Desktop\Colegio\backend\src\controllers\dashboardController.js:5:35)
    at Layer.handle [as handle_request] (C:\Users\Usuario\Desktop\Colegio\backend\node_modules\express\lib\router\layer.js:95:5)
    at next (C:\Users\Usuario\Desktop\Colegio\backend\node_modules\express\lib\router\route.js:149:13)
    at Route.dispatch (C:\Users\Usuario\Desktop\Colegio\backend\node_modules\express\lib\router\route.js:119:3)
    at Layer.handle [as handle_request] (C:\Users\Usuario\Desktop\Colegio\backend\node_modules\express\lib\router\layer.js:95:5)
    at C:\Users\Usuario\Desktop\Colegio\backend\node_modules\express\lib\router\index.js:284:15
    at router.process_params (C:\Users\Usuario\Desktop\Colegio\backend\node_modules\express\lib\router\index.js:346:12)
    at next (C:\Users\Usuario\Desktop\Colegio\backend\node_modules\express\lib\router\index.js:280:10)
    at router.handle (C:\Users\Usuario\Desktop\Colegio\backend\node_modules\express\lib\router\index.js:175:3) {
  code: 'ER_ACCESS_DENIED_ERROR',
  errno: 1045,
  sqlState: '28000',
  sqlMessage: "Access denied for user 'root'@'localhost' (using password: YES)",
  sql: undefined
}
Error: Access denied for user 'root'@'localhost' (using password: YES)
    at Object.getAllAlumnos (C:\Users\Usuario\Desktop\Colegio\backend\src\models\alumnoModel.js:4:27)
    at list (C:\Users\Usuario\Desktop\Colegio\backend\src\controllers\alumnoController.js:5:31)
    at Layer.handle [as handle_request] (C:\Users\Usuario\Desktop\Colegio\backend\node_modules\express\lib\router\layer.js:95:5)
    at next (C:\Users\Usuario\Desktop\Colegio\backend\node_modules\express\lib\router\route.js:149:13)
    at Route.dispatch (C:\Users\Usuario\Desktop\Colegio\backend\node_modules\express\lib\router\route.js:119:3)
    at Layer.handle [as handle_request] (C:\Users\Usuario\Desktop\Colegio\backend\node_modules\express\lib\router\layer.js:95:5)
    at C:\Users\Usuario\Desktop\Colegio\backend\node_modules\express\lib\router\index.js:284:15
    at router.process_params (C:\Users\Usuario\Desktop\Colegio\backend\node_modules\express\lib\router\index.js:346:12)
    at next (C:\Users\Usuario\Desktop\Colegio\backend\node_modules\express\lib\router\index.js:280:10)
    at router.handle (C:\Users\Usuario\Desktop\Colegio\backend\node_modules\express\lib\router\index.js:175:3) {
  code: 'ER_ACCESS_DENIED_ERROR',
  errno: 1045,
  sqlState: '28000',
  sqlMessage: "Access denied for user 'root'@'localhost' (using password: YES)",
  sql: undefined
}
Error: Access denied for user 'root'@'localhost' (using password: YES)
    at Object.getAllAlumnos (C:\Users\Usuario\Desktop\Colegio\backend\src\models\alumnoModel.js:4:27)
    at list (C:\Users\Usuario\Desktop\Colegio\backend\src\controllers\alumnoController.js:5:31)
    at Layer.handle [as handle_request] (C:\Users\Usuario\Desktop\Colegio\backend\node_modules\express\lib\router\layer.js:95:5)
    at next (C:\Users\Usuario\Desktop\Colegio\backend\node_modules\express\lib\router\route.js:149:13)
    at Route.dispatch (C:\Users\Usuario\Desktop\Colegio\backend\node_modules\express\lib\router\route.js:119:3)
    at Layer.handle [as handle_request] (C:\Users\Usuario\Desktop\Colegio\backend\node_modules\express\lib\router\layer.js:95:5)
    at C:\Users\Usuario\Desktop\Colegio\backend\node_modules\express\lib\router\index.js:284:15
    at router.process_params (C:\Users\Usuario\Desktop\Colegio\backend\node_modules\express\lib\router\index.js:346:12)
    at next (C:\Users\Usuario\Desktop\Colegio\backend\node_modules\express\lib\router\index.js:280:10)
    at router.handle (C:\Users\Usuario\Desktop\Colegio\backend\node_modules\express\lib\router\index.js:175:3) {
  code: 'ER_ACCESS_DENIED_ERROR',
  errno: 1045,
  sqlState: '28000',
  sqlMessage: "Access denied for user 'root'@'localhost' (using password: YES)",
  sql: undefined
}
